---
source: src/cmd/init/wizard/unified_selection/tests.rs
expression: out
---
"┌ Select Projects   ● ● ○ ○ ○ ─────────────────────────────────────────────────────────────────────┐"
"│                                                                                                  │"
"│  PROJECTS  2 / 3 selected                                                                        │"
"│  3 togglable · 1 externally-managed                                                              │"
"│                                                                                                  │"
"│  ──────────────────────────────────────────────────────────────────────────────────────────────  │"
"│                                                                                                  │"
"│   ⬢  Bundles                                                                                     │"
"│      ● apps/desktop  tauri (single-source)                                                       │"
"│                                                                                                  │"
"│   ◆  Standalone                                                                                  │"
"│      ● alpha         @ 0.1.0 (crates/alpha)                                                      │"
"│      ○ beta          @ 0.2.3 (crates/beta)                                                       │"
"│                                                                                                  │"
"│   ◇  Externally-managed                                                                          │"
"│      — apps/ios      iOS app — auto [allow_uncovered]                                            │"
"│                                                                                                  │"
"│                                                                                                  │"
"│                                                                                                  │"
"│                                                                                                  │"
"│                                                                                                  │"
"│  ↑↓ navigate  ·  Space toggle  ·  a/n all/none  ·  c cascade-from  ·  Enter continue  ·  Esc ba  │"
"│                                                                                                  │"
"└──────────────────────────────────────────────────────────────────────────────────────────────────┘"
