---
source: src/cmd/init/wizard/single_mobile.rs
expression: out
---
"┌ ⚠ Mobile-only repo detected ───────────────────────────────────────────────────────────┐"
"│                                                                                        │"
"│                    📱 Detected only mobile-app bundles in this repo                    │" Hidden by multi-width symbols: [(22, " ")]
"│                                                                                        │"
"│                                                                                        │"
"│   • ios  (iOS)                                                                         │"
"│   • android  (Android)                                                                 │"
"│                                                                                        │"
"│                                                                                        │"
"│What belaf does:                                                                        │"
"│  - changelog generation, semver bumps, multi-package release coordination              │"
"│                                                                                        │"
"│What belaf doesn't do:                                                                  │"
"│  - sign / build / upload mobile binaries                                               │"
"│                                                                                        │"
"│Recommended alternatives for mobile releases:                                           │"
"│  → Bitrise   — hosted CI tailored to iOS / Android                                     │"
"│  → fastlane  — local automation: signing, screenshots, store upload                    │"
"│  → Codemagic — Flutter-friendly hosted CI                                              │"
"│                                                                                        │"
"│                                                                                        │"
"│                                                                                        │"
"│                                                                                        │"
"│                                                                                        │"
"│                                                                                        │"
"│                                                                                        │"
"│                                                                                        │"
"│                      Enter exit with suggestion  q cancel quietly                      │"
"│                                                                                        │"
"└────────────────────────────────────────────────────────────────────────────────────────┘"
