---
source: src/cmd/init/wizard/welcome.rs
expression: out
---
"┌ Welcome   ● ○ ○ ○ ○ ─────────────────────────────────────────────────────────┐"
"│                                                                              │"
"│                   ██████╗ ███████╗██╗      █████╗ ███████╗                   │"
"│                   ██╔══██╗██╔════╝██║     ██╔══██╗██╔════╝                   │"
"│                   ██████╔╝█████╗  ██║     ███████║█████╗                     │"
"│                   ██╔══██╗██╔══╝  ██║     ██╔══██║██╔══╝                     │"
"│                   ██████╔╝███████╗███████╗██║  ██║██║                        │"
"│                   ╚═════╝ ╚══════╝╚══════╝╚═╝  ╚═╝╚═╝                        │"
"│                                                                              │"
"│                Bootstrap your repository for PR-based releases               │"
"│                                                                              │"
"│  ──────────────────────────────────────────────────────────────────────────  │"
"│                                                                              │"
"│  STATUS                                                                      │"
"│  0 projects                                                                  │"
"│                                                                              │"
"│  WHAT'S NEXT                                                                 │"
"│    ▸ Select projects and detected bundles                                    │"
"│    ▸ Pick a changelog preset                                                 │"
"│    ▸ Confirm the upstream repository URL                                     │"
"│    ▸ Bootstrap belaf/config.toml + baseline tags                             │"
"│                                                                              │"
"│                                                                              │"
"│                                                                              │"
"│                                                                              │"
"│                                                                              │"
"│                                                                              │"
"│                           Enter continue  ·  q quit                          │"
"│                                                                              │"
"└──────────────────────────────────────────────────────────────────────────────┘"
