---
source: src/cmd/init/wizard/project.rs
expression: out
---
"┌ Step 2: Project Selection ───────────────────────────────────────────────────┐"
"│                                                                              │"
"│           📦 Select which projects to include in release management          │" Hidden by multi-width symbols: [(13, " ")]
"│                                 Selected: 1 / 2                              │"
"│                                                                              │"
"│┌ Projects ──────────────────────────────────────────────────────────────────┐│"
"││ ✅ alpha @ 0.1.0  (crates/alpha)                                           ││" Hidden by multi-width symbols: [(4, " ")]
"││ ⬜ beta @ 0.2.3  (crates/beta)                                             ││" Hidden by multi-width symbols: [(4, " ")]
"││                                                                            ││"
"││                                                                            ││"
"││                                                                            ││"
"││                                                                            ││"
"││                                                                            ││"
"││                                                                            ││"
"││                                                                            ││"
"││                                                                            ││"
"││                                                                            ││"
"││                                                                            ││"
"││                                                                            ││"
"││                                                                            ││"
"│└────────────────────────────────────────────────────────────────────────────┘│"
"│       ↑↓ navigate  Space toggle  a all  n none  Enter continue  q quit       │"
"│                                                                              │"
"└──────────────────────────────────────────────────────────────────────────────┘"
