---
source: src/cmd/init/wizard/welcome.rs
expression: out
---
"┌ Welcome ─────────────────────────────────────────────────────────────────────┐"
"│                                                                              │"
"│                   ██████╗ ███████╗██╗      █████╗ ███████╗                   │"
"│                   ██╔══██╗██╔════╝██║     ██╔══██╗██╔════╝                   │"
"│                   ██████╔╝█████╗  ██║     ███████║█████╗                     │"
"│                   ██╔══██╗██╔══╝  ██║     ██╔══██║██╔══╝                     │"
"│                   ██████╔╝███████╗███████╗██║  ██║██║                        │"
"│                   ╚═════╝ ╚══════╝╚══════╝╚═╝  ╚═╝╚═╝                        │"
"│                                    Release Management                        │"
"│                                                                              │"
"│                                                                              │"
"│                            📦 Detected: 0 projects                           │" Hidden by multi-width symbols: [(30, " ")]
"│                                                                              │"
"│                                                                              │"
"│                      This wizard will guide you through:                     │"
"│                          → Changelog preset selection                        │"
"│                           → ReleaseUnit configuration                        │"
"│                               → Repository setup                             │"
"│                                                                              │"
"│                      Press ENTER to start  •  Q to quit                      │"
"│                                                                              │"
"│                                                                              │"
"│                                                                              │"
"└──────────────────────────────────────────────────────────────────────────────┘"
