---
source: src/cmd/init/wizard/tag_format.rs
expression: out
---
"┌ Tag Format   ● ● ○ ○ ○ ──────────────────────────────────────────────────────┐"
"│                                                                              │"
"│  FORMAT                                                                      │"
"│  single project: alpha                                                       │"
"│                                                                              │"
"│  ──────────────────────────────────────────────────────────────────────────  │"
"│                                                                              │"
"│    ▸ v{version}                                                              │"
"│        Simple — recommended for single-project repos                         │"
"│                                                                              │"
"│      {name}-v{version}                                                       │"
"│        Namespaced — ecosystem default; safer when more crates are added lat  │"
"│                                                                              │"
"│                                                                              │"
"│                                                                              │"
"│                                                                              │"
"│                                                                              │"
"│                                                                              │"
"│                                                                              │"
"│                                                                              │"
"│                                                                              │"
"│             ↑↓ select  ·  Enter continue  ·  Esc back  ·  q quit             │"
"│                                                                              │"
"└──────────────────────────────────────────────────────────────────────────────┘"
