---
source: src/cmd/init/wizard/preset.rs
expression: out
---
"┌ Step 1: Changelog Preset ────────────────────────────────────────────────────────────────────────┐"
"│                        📋 Choose a changelog format that fits your project                       │" Hidden by multi-width symbols: [(26, " ")]
"│                                                                                                  │"
"│                                                                                                  │"
"│┌ Presets ───────────────────────┐┌ default ─────────────────────────────────────────────────────┐│"
"││ 📦 default                     ││                   ◉ Preview    ◉ Source   (m)                ││" Hidden by multi-width symbols: [(4, " ")]
"││    Conventional Commits grouped│└──────────────────────────────────────────────────────────────┘│"
"││ 📄 flat                        │┌ Changelog Preview ───────────────────────────────────────────┐│" Hidden by multi-width symbols: [(4, " ")]
"││    Simple flat list - What's Ch││ [1.2.0] - 2025-01-15                                         ││"
"││ 📝 keepachangelog              ││                                                              ││" Hidden by multi-width symbols: [(4, " ")]
"││    Keep a Changelog specificati││ ✨ Features                                                  ││" Hidden by multi-width symbols: [(38, " ")]
"││ ✨ minimal                     ││                                                              ││" Hidden by multi-width symbols: [(4, " ")]
"││    Minimal - just version and d││ • cli: Add --verbose flag for detailed output                ││"
"││                                ││ • api: Implement rate limiting for requests                  ││"
"││                                ││                                                              ││"
"││                                ││ 🐛 Bug Fixes                                                 ││" Hidden by multi-width symbols: [(38, " ")]
"││                                ││                                                              ││"
"││                                ││ • auth: Resolve token refresh race condition                 ││"
"││                                ││ • parser: Handle unicode characters in paths                 ││"
"││                                ││                                                              ││"
"││                                ││ ⚡ Performance                                               ││" Hidden by multi-width symbols: [(38, " ")]
"││                                ││                                                              ││"
"││                                ││ • Optimize database queries                                  ││"
"││                                ││                                                              ││"
"││                                ││ 📚 Documentation                                             ││" Hidden by multi-width symbols: [(38, " ")]
"││                                ││                                                              ││"
"│└────────────────────────────────┘└──────────────────────────────────────────────────────────────┘│"
"│                         ↑↓ select  m toggle view  Enter continue  q quit                         │"
"│                                                                                                  │"
"└──────────────────────────────────────────────────────────────────────────────────────────────────┘"
