---
source: src/cmd/init/wizard/single_mobile.rs
expression: out
---
"┌ Mobile-Only Repo Detected ─────────────────────────────────────────────────────────────┐"
"│                                                                                        │"
"│  ▲ This repo only contains mobile-app bundles                                          │"
"│  belaf manages source releases — not signed mobile binaries                            │"
"│                                                                                        │"
"│  ────────────────────────────────────────────────────────────────────────────────────  │"
"│                                                                                        │"
"│  DETECTED                                                                              │"
"│    • ios  (iOS)                                                                        │"
"│    • android  (Android)                                                                │"
"│                                                                                        │"
"│  WHAT BELAF DOES                                                                       │"
"│    ▸ Changelog generation, semver bumps, multi-package release coordination            │"
"│                                                                                        │"
"│  WHAT BELAF DOESN'T DO                                                                 │"
"│    ✗ Sign, build, or upload mobile binaries                                            │"
"│                                                                                        │"
"│  RECOMMENDED ALTERNATIVES                                                              │"
"│    ▸ Bitrise  · hosted CI tailored to iOS / Android                                    │"
"│    ▸ fastlane  · local automation: signing, screenshots, store upload                  │"
"│    ▸ Codemagic  · Flutter-friendly hosted CI                                           │"
"│                                                                                        │"
"│                                                                                        │"
"│                                                                                        │"
"│                                                                                        │"
"│                                                                                        │"
"│                                                                                        │"
"│                     Enter exit with suggestion  ·  q cancel quietly                    │"
"│                                                                                        │"
"└────────────────────────────────────────────────────────────────────────────────────────┘"
